pygame 2.6.0 (SDL 2.28.4, Python 3.11.0)
Hello from the pygame community. https://www.pygame.org/contribute.html
Telemetry initialized
Initializing new game...
deque([['The study task will now begin. (Press SPACE to continue)', ''], ['This map is loosely based on a hospital floor.', ''], ["There are 5 'patient' rooms, labeled room1 through room5. (The name of your current room is in the top-right.)", ''], ['Your goal is to fulfill the requests of the patients in each room.', ''], ['Among other tasks, you will need to bring each patient the correct color POTION.The potion colors needed are as follows:', ''], ['Room 1 needs a GOLD potion.', ''], ['Room 2 needs a BLUE potion.', ''], ['Room 3 needs a RED potion.', ''], ['Room 4 needs a GREEN potion.', ''], ['Room 5 needs an ORANGE potion.', ''], ['You can also check with each patient to see which they need, but remember that this will cost you time.', ''], ['Patients may also ask you to bring their requests to NPCs elsewhere on the map.', ''], ['Press SPACE to begin the task', '']])
deque([['This map is loosely based on a hospital floor.', ''], ["There are 5 'patient' rooms, labeled room1 through room5. (The name of your current room is in the top-right.)", ''], ['Your goal is to fulfill the requests of the patients in each room.', ''], ['Among other tasks, you will need to bring each patient the correct color POTION.The potion colors needed are as follows:', ''], ['Room 1 needs a GOLD potion.', ''], ['Room 2 needs a BLUE potion.', ''], ['Room 3 needs a RED potion.', ''], ['Room 4 needs a GREEN potion.', ''], ['Room 5 needs an ORANGE potion.', ''], ['You can also check with each patient to see which they need, but remember that this will cost you time.', ''], ['Patients may also ask you to bring their requests to NPCs elsewhere on the map.', ''], ['Press SPACE to begin the task', '']])
deque([["There are 5 'patient' rooms, labeled room1 through room5. (The name of your current room is in the top-right.)", ''], ['Your goal is to fulfill the requests of the patients in each room.', ''], ['Among other tasks, you will need to bring each patient the correct color POTION.The potion colors needed are as follows:', ''], ['Room 1 needs a GOLD potion.', ''], ['Room 2 needs a BLUE potion.', ''], ['Room 3 needs a RED potion.', ''], ['Room 4 needs a GREEN potion.', ''], ['Room 5 needs an ORANGE potion.', ''], ['You can also check with each patient to see which they need, but remember that this will cost you time.', ''], ['Patients may also ask you to bring their requests to NPCs elsewhere on the map.', ''], ['Press SPACE to begin the task', '']])
deque([['Your goal is to fulfill the requests of the patients in each room.', ''], ['Among other tasks, you will need to bring each patient the correct color POTION.The potion colors needed are as follows:', ''], ['Room 1 needs a GOLD potion.', ''], ['Room 2 needs a BLUE potion.', ''], ['Room 3 needs a RED potion.', ''], ['Room 4 needs a GREEN potion.', ''], ['Room 5 needs an ORANGE potion.', ''], ['You can also check with each patient to see which they need, but remember that this will cost you time.', ''], ['Patients may also ask you to bring their requests to NPCs elsewhere on the map.', ''], ['Press SPACE to begin the task', '']])
deque([['Among other tasks, you will need to bring each patient the correct color POTION.The potion colors needed are as follows:', ''], ['Room 1 needs a GOLD potion.', ''], ['Room 2 needs a BLUE potion.', ''], ['Room 3 needs a RED potion.', ''], ['Room 4 needs a GREEN potion.', ''], ['Room 5 needs an ORANGE potion.', ''], ['You can also check with each patient to see which they need, but remember that this will cost you time.', ''], ['Patients may also ask you to bring their requests to NPCs elsewhere on the map.', ''], ['Press SPACE to begin the task', '']])
deque([['Room 1 needs a GOLD potion.', ''], ['Room 2 needs a BLUE potion.', ''], ['Room 3 needs a RED potion.', ''], ['Room 4 needs a GREEN potion.', ''], ['Room 5 needs an ORANGE potion.', ''], ['You can also check with each patient to see which they need, but remember that this will cost you time.', ''], ['Patients may also ask you to bring their requests to NPCs elsewhere on the map.', ''], ['Press SPACE to begin the task', '']])
deque([['Room 2 needs a BLUE potion.', ''], ['Room 3 needs a RED potion.', ''], ['Room 4 needs a GREEN potion.', ''], ['Room 5 needs an ORANGE potion.', ''], ['You can also check with each patient to see which they need, but remember that this will cost you time.', ''], ['Patients may also ask you to bring their requests to NPCs elsewhere on the map.', ''], ['Press SPACE to begin the task', '']])
deque([['Room 3 needs a RED potion.', ''], ['Room 4 needs a GREEN potion.', ''], ['Room 5 needs an ORANGE potion.', ''], ['You can also check with each patient to see which they need, but remember that this will cost you time.', ''], ['Patients may also ask you to bring their requests to NPCs elsewhere on the map.', ''], ['Press SPACE to begin the task', '']])
deque([['Room 4 needs a GREEN potion.', ''], ['Room 5 needs an ORANGE potion.', ''], ['You can also check with each patient to see which they need, but remember that this will cost you time.', ''], ['Patients may also ask you to bring their requests to NPCs elsewhere on the map.', ''], ['Press SPACE to begin the task', '']])
deque([['Room 5 needs an ORANGE potion.', ''], ['You can also check with each patient to see which they need, but remember that this will cost you time.', ''], ['Patients may also ask you to bring their requests to NPCs elsewhere on the map.', ''], ['Press SPACE to begin the task', '']])
deque([['You can also check with each patient to see which they need, but remember that this will cost you time.', ''], ['Patients may also ask you to bring their requests to NPCs elsewhere on the map.', ''], ['Press SPACE to begin the task', '']])
deque([['Patients may also ask you to bring their requests to NPCs elsewhere on the map.', ''], ['Press SPACE to begin the task', '']])
deque([['Press SPACE to begin the task', '']])
interacting with object:  None
deque([["Hello, I'm John.", ''], ["I'm waiting on a message from a few people here.", '']])
deque([["I'm waiting on a message from a few people here.", '']])
interacting with object:  None
deque([["Hello, I'm John.", ''], ["I'm waiting on a message from a few people here.", '']])
deque([["I'm waiting on a message from a few people here.", '']])
Game saved to  /home/kaleb/code/verbal_task_handover/evaluation/treasure_hunt_py/treasure_hunt/scripts/../saves/test_save
Stopping telemetry...
